[    0.000000] Initializing cgroup subsys cpuset
[    0.000000] Initializing cgroup subsys cpu
[    0.000000] Initializing cgroup subsys cpuacct
[    0.000000] Linux version 4.4.0-210-generic (buildd@lgw01-amd64-009) (gcc version 5.4.0 20160609 (Ubuntu 5.4.0-6ubuntu1~16.04.12) ) #242-Ubuntu SMP Fri Apr 16 09:57:56 UTC 2021 (Ubuntu 4.4.0-210.242-generic 4.4.262)
[    0.000000] Command line: BOOT_IMAGE=/boot/vmlinuz-4.4.0-210-generic root=LABEL=cloudimg-rootfs ro console=tty1 console=ttyS0
[    0.000000] KERNEL supported cpus:
[    0.000000]   Intel GenuineIntel
[    0.000000]   AMD AuthenticAMD
[    0.000000]   Centaur CentaurHauls
[    0.000000] x86/fpu: Supporting XSAVE feature 0x01: 'x87 floating point registers'
[    0.000000] x86/fpu: Supporting XSAVE feature 0x02: 'SSE registers'
[    0.000000] x86/fpu: Enabled xstate features 0x3, context size is 576 bytes, using 'standard' format.
[    0.000000] e820: BIOS-provided physical RAM map:
[    0.000000] BIOS-e820: [mem 0x0000000000000000-0x000000000009fbff] usable
[    0.000000] BIOS-e820: [mem 0x000000000009fc00-0x000000000009ffff] reserved
[    0.000000] BIOS-e820: [mem 0x00000000000f0000-0x00000000000fffff] reserved
[    0.000000] BIOS-e820: [mem 0x0000000000100000-0x00000000dffeffff] usable
[    0.000000] BIOS-e820: [mem 0x00000000dfff0000-0x00000000dfffffff] ACPI data
[    0.000000] BIOS-e820: [mem 0x00000000fec00000-0x00000000fec00fff] reserved
[    0.000000] BIOS-e820: [mem 0x00000000fee00000-0x00000000fee00fff] reserved
[    0.000000] BIOS-e820: [mem 0x00000000fffc0000-0x00000000ffffffff] reserved
[    0.000000] BIOS-e820: [mem 0x0000000100000000-0x000000011fffffff] usable
[    0.000000] NX (Execute Disable) protection: active
[    0.000000] SMBIOS 2.5 present.
[    0.000000] Hypervisor detected: KVM
[    0.000000] e820: last_pfn = 0x120000 max_arch_pfn = 0x400000000
[    0.000000] MTRR: Disabled
[    0.000000] x86/PAT: MTRRs disabled, skipping PAT initialization too.
[    0.000000] CPU MTRRs all blank - virtualized system.
[    0.000000] x86/PAT: Configuration [0-7]: WB  WT  UC- UC  WB  WT  UC- UC  
[    0.000000] e820: last_pfn = 0xdfff0 max_arch_pfn = 0x400000000
[    0.000000] found SMP MP-table at [mem 0x0009fff0-0x0009ffff] mapped at [ffff88000009fff0]
[    0.000000] Scanning 1 areas for low memory corruption
[    0.000000] RAMDISK: [mem 0x362de000-0x37166fff]
[    0.000000] ACPI: Early table checksum verification disabled
[    0.000000] ACPI: RSDP 0x00000000000E0000 000024 (v02 VBOX  )
[    0.000000] ACPI: XSDT 0x00000000DFFF0030 00003C (v01 VBOX   VBOXXSDT 00000001 ASL  00000061)
[    0.000000] ACPI: FACP 0x00000000DFFF00F0 0000F4 (v04 VBOX   VBOXFACP 00000001 ASL  00000061)
[    0.000000] ACPI: DSDT 0x00000000DFFF0470 002325 (v02 VBOX   VBOXBIOS 00000002 INTL 20100528)
[    0.000000] ACPI: FACS 0x00000000DFFF0200 000040
[    0.000000] ACPI: FACS 0x00000000DFFF0200 000040
[    0.000000] ACPI: APIC 0x00000000DFFF0240 00005C (v02 VBOX   VBOXAPIC 00000001 ASL  00000061)
[    0.000000] ACPI: SSDT 0x00000000DFFF02A0 0001CC (v01 VBOX   VBOXCPUT 00000002 INTL 20100528)
[    0.000000] No NUMA configuration found
[    0.000000] Faking a node at [mem 0x0000000000000000-0x000000011fffffff]
[    0.000000] NODE_DATA(0) allocated [mem 0x11fff7000-0x11fffbfff]
[    0.000000] kvm-clock: Using msrs 4b564d01 and 4b564d00
[    0.000000] kvm-clock: cpu 0, msr 1:1ffef001, primary cpu clock
[    0.000000] kvm-clock: using sched offset of 3977891575 cycles
[    0.000000] clocksource: kvm-clock: mask: 0xffffffffffffffff max_cycles: 0x1cd42e4dffb, max_idle_ns: 881590591483 ns
[    0.000000] Zone ranges:
[    0.000000]   DMA      [mem 0x0000000000001000-0x0000000000ffffff]
[    0.000000]   DMA32    [mem 0x0000000001000000-0x00000000ffffffff]
[    0.000000]   Normal   [mem 0x0000000100000000-0x000000011fffffff]
[    0.000000]   Device   empty
[    0.000000] Movable zone start for each node
[    0.000000] Early memory node ranges
[    0.000000]   node   0: [mem 0x0000000000001000-0x000000000009efff]
[    0.000000]   node   0: [mem 0x0000000000100000-0x00000000dffeffff]
[    0.000000]   node   0: [mem 0x0000000100000000-0x000000011fffffff]
[    0.000000] Initmem setup node 0 [mem 0x0000000000001000-0x000000011fffffff]
[    0.000000] ACPI: PM-Timer IO Port: 0x4008
[    0.000000] IOAPIC[0]: apic_id 2, version 32, address 0xfec00000, GSI 0-23
[    0.000000] ACPI: INT_SRC_OVR (bus 0 bus_irq 0 global_irq 2 dfl dfl)
[    0.000000] ACPI: INT_SRC_OVR (bus 0 bus_irq 9 global_irq 9 low level)
[    0.000000] Using ACPI (MADT) for SMP configuration information
[    0.000000] smpboot: Allowing 2 CPUs, 0 hotplug CPUs
[    0.000000] PM: Registered nosave memory: [mem 0x00000000-0x00000fff]
[    0.000000] PM: Registered nosave memory: [mem 0x0009f000-0x0009ffff]
[    0.000000] PM: Registered nosave memory: [mem 0x000a0000-0x000effff]
[    0.000000] PM: Registered nosave memory: [mem 0x000f0000-0x000fffff]
[    0.000000] PM: Registered nosave memory: [mem 0xdfff0000-0xdfffffff]
[    0.000000] PM: Registered nosave memory: [mem 0xe0000000-0xfebfffff]
[    0.000000] PM: Registered nosave memory: [mem 0xfec00000-0xfec00fff]
[    0.000000] PM: Registered nosave memory: [mem 0xfec01000-0xfedfffff]
[    0.000000] PM: Registered nosave memory: [mem 0xfee00000-0xfee00fff]
[    0.000000] PM: Registered nosave memory: [mem 0xfee01000-0xfffbffff]
[    0.000000] PM: Registered nosave memory: [mem 0xfffc0000-0xffffffff]
[    0.000000] e820: [mem 0xe0000000-0xfebfffff] available for PCI devices
[    0.000000] Booting paravirtualized kernel on KVM
[    0.000000] clocksource: refined-jiffies: mask: 0xffffffff max_cycles: 0xffffffff, max_idle_ns: 7645519600211568 ns
[    0.000000] setup_percpu: NR_CPUS:512 nr_cpumask_bits:512 nr_cpu_ids:2 nr_node_ids:1
[    0.000000] PERCPU: Embedded 33 pages/cpu @ffff88011fc00000 s95192 r8192 d31784 u1048576
[    0.000000] Built 1 zonelists in Node order, mobility grouping on.  Total pages: 1032056
[    0.000000] Policy zone: Normal
[    0.000000] Kernel command line: BOOT_IMAGE=/boot/vmlinuz-4.4.0-210-generic root=LABEL=cloudimg-rootfs ro console=tty1 console=ttyS0
[    0.000000] PID hash table entries: 4096 (order: 3, 32768 bytes)
[    0.000000] Memory: 4028308K/4193848K available (8644K kernel code, 1332K rwdata, 4044K rodata, 1492K init, 1164K bss, 165540K reserved, 0K cma-reserved)
[    0.000000] SLUB: HWalign=64, Order=0-3, MinObjects=0, CPUs=2, Nodes=1
[    0.000000] Kernel/User page tables isolation: enabled
[    0.000000] Hierarchical RCU implementation.
[    0.000000] 	Build-time adjustment of leaf fanout to 64.
[    0.000000] 	RCU restricting CPUs from NR_CPUS=512 to nr_cpu_ids=2.
[    0.000000] RCU: Adjusting geometry for rcu_fanout_leaf=64, nr_cpu_ids=2
[    0.000000] NR_IRQS:33024 nr_irqs:440 16
[    0.000000] Console: colour VGA+ 80x25
[    0.000000] console [tty1] enabled
[    0.000000] console [ttyS0] enabled
[    0.000000] tsc: Detected 3292.384 MHz processor
[    0.591235] Calibrating delay loop (skipped) preset value.. 6584.76 BogoMIPS (lpj=13169536)
[    0.594870] pid_max: default: 32768 minimum: 301
[    0.596689] ACPI: Core revision 20150930
[    0.602136] ACPI: 2 ACPI AML tables successfully acquired and loaded
[    0.604607] Security Framework initialized
[    0.606326] Yama: becoming mindful.
[    0.607836] AppArmor: AppArmor initialized
[    0.615528] Dentry cache hash table entries: 524288 (order: 10, 4194304 bytes)
[    0.634725] Inode-cache hash table entries: 262144 (order: 9, 2097152 bytes)
[    0.638572] Mount-cache hash table entries: 8192 (order: 4, 65536 bytes)
[    0.640878] Mountpoint-cache hash table entries: 8192 (order: 4, 65536 bytes)
[    0.650457] Initializing cgroup subsys io
[    0.652239] Initializing cgroup subsys memory
[    0.654007] Initializing cgroup subsys devices
[    0.655750] Initializing cgroup subsys freezer
[    0.657544] Initializing cgroup subsys net_cls
[    0.659316] Initializing cgroup subsys perf_event
[    0.661119] Initializing cgroup subsys net_prio
[    0.662929] Initializing cgroup subsys hugetlb
[    0.664663] Initializing cgroup subsys pids
[    0.667293] mce: CPU supports 0 MCE banks
[    0.668959] Last level iTLB entries: 4KB 1024, 2MB 1024, 4MB 1024
[    0.671177] Last level dTLB entries: 4KB 1024, 2MB 1024, 4MB 1024, 1GB 4
[    0.673498] Spectre V1 : Mitigation: usercopy/swapgs barriers and __user pointer sanitization
[    0.676880] Spectre V2 : Mitigation: Full generic retpoline
[    0.679016] Spectre V2 : Spectre v2 / SpectreRSB mitigation: Filling RSB on context switch
[    0.683099] Speculative Store Bypass: Vulnerable
[    0.684886] SRBDS: Unknown: Dependent on hypervisor status
[    0.687086] MDS: Mitigation: Clear CPU buffers
[    0.694271] Freeing SMP alternatives memory: 36K
[    0.707440] ftrace: allocating 32380 entries in 127 pages
[    0.817825] smpboot: APIC(0) Converting physical 0 to logical package 0
[    0.820312] smpboot: Max logical packages: 1
[    0.822869] x2apic enabled
[    0.824880] Switched APIC routing to physical x2apic.
[    0.829618] ..TIMER: vector=0x30 apic1=0 pin1=2 apic2=-1 pin2=-1
[    0.940077] smpboot: CPU0: Intel(R) Pentium(R) CPU G3260 @ 3.30GHz (family: 0x6, model: 0x3c, stepping: 0x3)
[    0.944439] Performance Events: unsupported p6 CPU model 60 no PMU driver, software events only.
[    0.963533] KVM setup paravirtual spinlock
[    0.966250] x86: Booting SMP configuration:
[    0.968037] .... node  #0, CPUs:      #1
[    0.969550] kvm-clock: cpu 1, msr 1:1ffef041, secondary cpu clock
[    0.980192] mce: CPU supports 0 MCE banks
[    0.983963] x86: Booted up 1 node, 2 CPUs
[    0.986259] smpboot: Total of 2 processors activated (13169.53 BogoMIPS)
[    0.989234] devtmpfs: initialized
[    1.002804] evm: security.selinux
[    1.004283] evm: security.SMACK64
[    1.005819] evm: security.SMACK64EXEC
[    1.007366] evm: security.SMACK64TRANSMUTE
[    1.009047] evm: security.SMACK64MMAP
[    1.010605] evm: security.ima
[    1.012101] evm: security.capability
[    1.013834] clocksource: jiffies: mask: 0xffffffff max_cycles: 0xffffffff, max_idle_ns: 7645041785100000 ns
[    1.017569] futex hash table entries: 512 (order: 3, 32768 bytes)
[    1.020122] pinctrl core: initialized pinctrl subsystem
[    1.022246] RTC time: 19:56:07, date: 06/30/21
[    1.024291] NET: Registered protocol family 16
[    1.036194] cpuidle: using governor ladder
[    1.047973] cpuidle: using governor menu
[    1.049593] PCCT header not found.
[    1.051474] ACPI: bus type PCI registered
[    1.053149] acpiphp: ACPI Hot Plug PCI Controller Driver version: 0.5
[    1.055568] PCI: Using configuration type 1 for base access
[    1.084984] ACPI: Added _OSI(Module Device)
[    1.086718] ACPI: Added _OSI(Processor Device)
[    1.088559] ACPI: Added _OSI(3.0 _SCP Extensions)
[    1.090356] ACPI: Added _OSI(Processor Aggregator Device)
[    1.093994] ACPI: Executed 1 blocks of module-level executable AML code
[    1.102460] ACPI: Interpreter enabled
[    1.104309] ACPI: (supports S0 S5)
[    1.106055] ACPI: Using IOAPIC for interrupt routing
[    1.108712] PCI: Using host bridge windows from ACPI; if necessary, use "pci=nocrs" and report a bug
[    1.122353] ACPI: PCI Root Bridge [PCI0] (domain 0000 [bus 00-ff])
[    1.125064] acpi PNP0A03:00: _OSC: OS supports [ASPM ClockPM Segments MSI]
[    1.128810] acpi PNP0A03:00: _OSC: not requesting OS control; OS requires [ExtendedConfig ASPM ClockPM MSI]
[    1.132625] acpi PNP0A03:00: fail to add MMCONFIG information, can't access extended PCI configuration space under this bridge.
[    1.138059] PCI host bridge to bus 0000:00
[    1.139723] pci_bus 0000:00: root bus resource [io  0x0000-0x0cf7 window]
[    1.172418] pci_bus 0000:00: root bus resource [io  0x0d00-0xffff window]
[    1.175116] pci_bus 0000:00: root bus resource [mem 0x000a0000-0x000bffff window]
[    1.178712] pci_bus 0000:00: root bus resource [mem 0xe0000000-0xfdffffff window]
[    1.182098] pci_bus 0000:00: root bus resource [bus 00-ff]
[    1.187138] pci 0000:00:01.1: legacy IDE quirk: reg 0x10: [io  0x01f0-0x01f7]
[    1.189608] pci 0000:00:01.1: legacy IDE quirk: reg 0x14: [io  0x03f6]
[    1.191900] pci 0000:00:01.1: legacy IDE quirk: reg 0x18: [io  0x0170-0x0177]
[    1.194308] pci 0000:00:01.1: legacy IDE quirk: reg 0x1c: [io  0x0376]
[    1.282388] pci 0000:00:07.0: quirk: [io  0x4000-0x403f] claimed by PIIX4 ACPI
[    1.285560] pci 0000:00:07.0: quirk: [io  0x4100-0x410f] claimed by PIIX4 SMB
[    1.344578] ACPI: PCI Interrupt Link [LNKA] (IRQs 5 9 10 *11)
[    1.347899] ACPI: PCI Interrupt Link [LNKB] (IRQs 5 9 *10 11)
[    1.350791] ACPI: PCI Interrupt Link [LNKC] (IRQs 5 *9 10 11)
[    1.353680] ACPI: PCI Interrupt Link [LNKD] (IRQs 5 9 10 *11)
[    1.356661] ACPI: Enabled 2 GPEs in block 00 to 07
[    1.358935] vgaarb: setting as boot device: PCI:0000:00:02.0
[    1.361034] vgaarb: device added: PCI:0000:00:02.0,decodes=io+mem,owns=io+mem,locks=none
[    1.364306] vgaarb: loaded
[    1.365667] vgaarb: bridge control possible 0000:00:02.0
[    1.368149] SCSI subsystem initialized
[    1.369835] ACPI: bus type USB registered
[    1.371499] usbcore: registered new interface driver usbfs
[    1.373572] usbcore: registered new interface driver hub
[    1.375598] usbcore: registered new device driver usb
[    1.377758] PCI: Using ACPI for IRQ routing
[    1.379964] NetLabel: Initializing
[    1.381435] NetLabel:  domain hash size = 128
[    1.383143] NetLabel:  protocols = UNLABELED CIPSOv4
[    1.385169] NetLabel:  unlabeled traffic allowed by default
[    1.387296] amd_nb: Cannot enumerate AMD northbridges
[    1.394327] clocksource: Switched to clocksource kvm-clock
[    1.426166] AppArmor: AppArmor Filesystem Enabled
[    1.428126] pnp: PnP ACPI init
[    1.431157] pnp: PnP ACPI: found 3 devices
[    1.440979] clocksource: acpi_pm: mask: 0xffffff max_cycles: 0xffffff, max_idle_ns: 2085701024 ns
[    1.444594] NET: Registered protocol family 2
[    1.446627] TCP established hash table entries: 32768 (order: 6, 262144 bytes)
[    1.449800] TCP bind hash table entries: 32768 (order: 7, 524288 bytes)
[    1.459215] TCP: Hash tables configured (established 32768 bind 32768)
[    1.461685] UDP hash table entries: 2048 (order: 4, 65536 bytes)
[    1.463901] UDP-Lite hash table entries: 2048 (order: 4, 65536 bytes)
[    1.466243] NET: Registered protocol family 1
[    1.468018] pci 0000:00:00.0: Limiting direct PCI/PCI transfers
[    1.470177] pci 0000:00:01.0: Activating ISA DMA hang workarounds
[    1.472722] Unpacking initramfs...
[    2.009614] Freeing initrd memory: 14884K
[    2.011499] PCI-DMA: Using software bounce buffering for IO (SWIOTLB)
[    2.013966] software IO TLB: mapped [mem 0xdbff0000-0xdfff0000] (64MB)
[    2.016509] RAPL PMU detected, API unit is 2^-32 Joules, 4 fixed counters 10737418240 ms ovfl timer
[    2.020114] hw unit of domain pp0-core 2^-0 Joules
[    2.022169] hw unit of domain package 2^-0 Joules
[    2.024091] hw unit of domain dram 2^-0 Joules
[    2.025928] hw unit of domain pp1-gpu 2^-0 Joules
[    2.027828] clocksource: tsc: mask: 0xffffffffffffffff max_cycles: 0x2f7531cb27d, max_idle_ns: 440795228394 ns
[    2.031703] platform rtc_cmos: registered platform RTC device (no PNP device found)
[    2.034885] Scanning for low memory corruption every 60 seconds
[    2.037515] audit: initializing netlink subsys (disabled)
[    2.039591] audit: type=2000 audit(1625082973.615:1): initialized
[    2.042453] Initialise system trusted keyring
[    2.044413] HugeTLB registered 2 MB page size, pre-allocated 0 pages
[    2.049879] zbud: loaded
[    2.051584] VFS: Disk quotas dquot_6.6.0
[    2.053384] VFS: Dquot-cache hash table entries: 512 (order 0, 4096 bytes)
[    2.056526] squashfs: version 4.0 (2009/01/31) Phillip Lougher
[    2.059127] fuse init (API version 7.23)
[    2.061004] Key type big_key registered
[    2.062722] Allocating IMA MOK and blacklist keyrings.
[    2.065382] Key type asymmetric registered
[    2.067087] Asymmetric key parser 'x509' registered
[    2.069044] Block layer SCSI generic (bsg) driver version 0.4 loaded (major 249)
[    2.072194] io scheduler noop registered
[    2.073873] io scheduler deadline registered (default)
[    2.075926] io scheduler cfq registered
[    2.077732] pci_hotplug: PCI Hot Plug PCI Core version: 0.5
[    2.080103] pciehp: PCI Express Hot Plug Controller Driver version: 0.4
[    2.090624] ACPI: AC Adapter [AC] (on-line)
[    2.092658] input: Power Button as /devices/LNXSYSTM:00/LNXPWRBN:00/input/input0
[    2.095870] ACPI: Power Button [PWRF]
[    2.097571] input: Sleep Button as /devices/LNXSYSTM:00/LNXSLPBN:00/input/input1
[    2.100780] ACPI: Sleep Button [SLPF]
[    2.103602] GHES: HEST is not enabled!
[    2.105382] Serial: 8250/16550 driver, 32 ports, IRQ sharing enabled
[    2.129192] 00:02: ttyS0 at I/O 0x3f8 (irq = 4, base_baud = 115200) is a 16550A
[    2.134919] Linux agpgart interface v0.103
[    2.146897] loop: module loaded
[    2.149429] scsi host0: ata_piix
[    2.151166] scsi host1: ata_piix
[    2.152941] ata1: PATA max UDMA/33 cmd 0x1f0 ctl 0x3f6 bmdma 0xd000 irq 14
[    2.155348] ata2: PATA max UDMA/33 cmd 0x170 ctl 0x376 bmdma 0xd008 irq 15
[    2.158241] libphy: Fixed MDIO Bus: probed
[    2.160031] tun: Universal TUN/TAP device driver, 1.6
[    2.162079] tun: (C) 1999-2004 Max Krasnyansky <maxk@qualcomm.com>
[    2.164493] PPP generic driver version 2.4.2
[    2.166308] ehci_hcd: USB 2.0 'Enhanced' Host Controller (EHCI) Driver
[    2.168655] ehci-pci: EHCI PCI platform driver
[    2.170555] ehci-platform: EHCI generic platform driver
[    2.172755] ohci_hcd: USB 1.1 'Open' Host Controller (OHCI) Driver
[    2.175067] ohci-pci: OHCI PCI platform driver
[    2.176923] ohci-platform: OHCI generic platform driver
[    2.179002] uhci_hcd: USB Universal Host Controller Interface driver
[    2.181561] i8042: PNP: PS/2 Controller [PNP0303:PS2K,PNP0f03:PS2M] at 0x60,0x64 irq 1,12
[    2.185590] serio: i8042 KBD port at 0x60,0x64 irq 1
[    2.187541] serio: i8042 AUX port at 0x60,0x64 irq 12
[    2.189804] mousedev: PS/2 mouse device common for all mice
[    2.192662] input: AT Translated Set 2 keyboard as /devices/platform/i8042/serio0/input/input2
[    2.196465] rtc_cmos rtc_cmos: rtc core: registered rtc_cmos as rtc0
[    2.198831] rtc_cmos rtc_cmos: alarms up to one day, 114 bytes nvram
[    2.201182] i2c /dev entries driver
[    2.202795] device-mapper: uevent: version 1.0.3
[    2.204763] device-mapper: ioctl: 4.34.0-ioctl (2015-10-28) initialised: dm-devel@redhat.com
[    2.208113] ledtrig-cpu: registered to indicate activity on CPUs
[    2.210712] NET: Registered protocol family 10
[    2.212703] NET: Registered protocol family 17
[    2.214572] Key type dns_resolver registered
[    2.216713] registered taskstats version 1
[    2.218399] Loading compiled-in X.509 certificates
[    2.221344] Loaded X.509 cert 'Build time autogenerated kernel key: cf00e047681d67edb2720680708b7d9498083038'
[    2.225135] zswap: loaded using pool lzo/zbud
[    2.228977] Key type trusted registered
[    2.234913] Key type encrypted registered
[    2.236678] AppArmor: AppArmor sha1 policy hashing enabled
[    2.238775] ima: No TPM chip found, activating TPM-bypass!
[    2.240883] ima: Allocated hash algorithm: sha1
[    2.242752] evm: HMAC attrs: 0x1
[    2.244691]   Magic number: 9:163:952
[    2.246311] tty tty9: hash matches
[    2.247891] memory memory5: hash matches
[    2.249696] rtc_cmos rtc_cmos: setting system clock to 2021-06-30 19:56:08 UTC (1625082968)
[    2.253283] BIOS EDD facility v0.16 2004-Jun-25, 0 devices found
[    2.255523] EDD information not available.
[    2.340485] Freeing unused kernel memory: 1492K
[    2.342327] Write protecting the kernel read-only data: 14336k
[    2.345333] Freeing unused kernel memory: 1584K
[    2.347502] Freeing unused kernel memory: 52K
Loading, please wait...
starting version 229
[    2.366668] random: systemd-udevd: uninitialized urandom read (16 bytes read, 3 bits of entropy available)
[    2.367935] random: udevadm: uninitialized urandom read (16 bytes read, 3 bits of entropy available)
[    2.367962] random: udevadm: uninitialized urandom read (16 bytes read, 3 bits of entropy available)
[    2.393172] random: udevadm: uninitialized urandom read (16 bytes read, 3 bits of entropy available)
[    2.393245] random: udevadm: uninitialized urandom read (16 bytes read, 3 bits of entropy available)
[    2.393514] random: udevadm: uninitialized urandom read (16 bytes read, 3 bits of entropy available)
[    2.393611] random: udevadm: uninitialized urandom read (16 bytes read, 3 bits of entropy available)
[    2.393750] random: udevadm: uninitialized urandom read (16 bytes read, 3 bits of entropy available)
[    2.393853] random: udevadm: uninitialized urandom read (16 bytes read, 3 bits of entropy available)
[    2.393948] random: udevadm: uninitialized urandom read (16 bytes read, 3 bits of entropy available)
[    2.509073] e1000: Intel(R) PRO/1000 Network Driver - version 7.3.21-k8-NAPI
[    2.511641] e1000: Copyright (c) 1999-2006 Intel Corporation.
[    2.515189] Fusion MPT base driver 3.04.20
[    2.520292] Copyright (c) 1999-2008 LSI Corporation
[    2.531888] Fusion MPT SPI Host driver 3.04.20
[    2.738033] input: ImExPS/2 Generic Explorer Mouse as /devices/platform/i8042/serio1/input/input4
[    3.007275] e1000 0000:00:03.0 eth0: (PCI:33MHz:32-bit) 02:0f:93:65:62:e0
[    3.036383] e1000 0000:00:03.0 eth0: Intel(R) PRO/1000 Network Connection
[    3.040328] mptbase: ioc0: Initiating bringup
[    3.990401] ioc0: LSI53C1030 A0: Capabilities={Initiator}
[    5.982722] scsi host2: ioc0: LSI53C1030 A0, FwRev=00000000h, Ports=1, MaxQ=256, IRQ=20
[    6.992025] scsi 2:0:0:0: Direct-Access     VBOX     HARDDISK         1.0  PQ: 0 ANSI: 5
[    6.997274] scsi target2:0:0: Beginning Domain Validation
[    7.006300] scsi target2:0:0: Domain Validation skipping write tests
[    7.008723] scsi target2:0:0: Ending Domain Validation
[    7.011244] scsi target2:0:0: asynchronous
[    7.017825] scsi 2:0:1:0: Direct-Access     VBOX     HARDDISK         1.0  PQ: 0 ANSI: 5
[    7.021906] scsi target2:0:1: Beginning Domain Validation
[    7.025954] scsi target2:0:1: Domain Validation skipping write tests
[    7.029938] scsi target2:0:1: Ending Domain Validation
[    7.047427] scsi target2:0:1: asynchronous
[    7.088790] sd 2:0:0:0: [sda] 83886080 512-byte logical blocks: (42.9 GB/40.0 GiB)
[    7.093523] sd 2:0:0:0: Attached scsi generic sg0 type 0
[    7.102692] sd 2:0:0:0: [sda] Write Protect is off
[    7.105479] sd 2:0:0:0: [sda] Incomplete mode parameter data
[    7.108662] sd 2:0:0:0: [sda] Assuming drive cache: write through
[    7.117204] sd 2:0:1:0: [sdb] 20480 512-byte logical blocks: (10.5 MB/10.0 MiB)
[    7.122681] sd 2:0:1:0: Attached scsi generic sg1 type 0
[    7.126308] sd 2:0:1:0: [sdb] Write Protect is off
[    7.132036] sd 2:0:1:0: [sdb] Incomplete mode parameter data
[    7.135487] sd 2:0:1:0: [sdb] Assuming drive cache: write through
[    7.138895]  sda: sda1
[    7.141692] sd 2:0:0:0: [sda] Attached SCSI disk
[    7.150416] sd 2:0:1:0: [sdb] Attached SCSI disk
[    7.974636] e1000 0000:00:08.0 eth1: (PCI:33MHz:32-bit) 08:00:27:fe:78:98
[    7.977161] e1000 0000:00:08.0 eth1: Intel(R) PRO/1000 Network Connection
[    7.982500] e1000 0000:00:03.0 enp0s3: renamed from eth0
[    7.995363] e1000 0000:00:08.0 enp0s8: renamed from eth1
Begin: Loading essential drivers ... [   10.072334] md: linear personality registered for level -1
[   10.078409] md: multipath personality registered for level -4
[   10.085422] md: raid0 personality registered for level 0
[   10.097770] md: raid1 personality registered for level 1
[   10.174406] raid6: sse2x1   gen()  2250 MB/s
[   10.242487] raid6: sse2x1   xor()  1390 MB/s
[   10.310549] raid6: sse2x2   gen()  4298 MB/s
[   10.378480] raid6: sse2x2   xor()  2156 MB/s
[   10.446368] raid6: sse2x4   gen()  5073 MB/s
[   10.530411] raid6: sse2x4   xor()  2824 MB/s
[   10.532290] raid6: using algorithm sse2x4 gen() 5073 MB/s
[   10.534426] raid6: .... xor() 2824 MB/s, rmw enabled
[   10.538679] raid6: using ssse3x2 recovery algorithm
[   10.542368] xor: measuring software checksum speed
[   10.582351]    prefetch64-sse: 13908.000 MB/sec
[   10.626352]    generic_sse: 13412.000 MB/sec
[   10.628109] xor: using function: prefetch64-sse (13908.000 MB/sec)
[   10.632051] async_tx: api initialized (async)
[   10.649121] md: raid6 personality registered for level 6
[   10.651815] md: raid5 personality registered for level 5
[   10.656007] md: raid4 personality registered for level 4
[   10.666908] md: raid10 personality registered for level 10
done.
Begin: Running /scripts/init-premount ... done.
Begin: Mounting root file system ... Begin: Running /scripts/local-top ... done.
Begin: Running /scripts/local-premount ... [   10.877374] Btrfs loaded
Scanning for Btrfs filesystems
done.
Warning: fsck not present, so skipping root file system
[   10.978753] EXT4-fs (sda1): mounted filesystem with ordered data mode. Opts: (null)
done.
Begin: Running /scripts/local-bottom ... done.
Begin: Running /scripts/init-bottom ... done.
[   11.178729] systemd[1]: systemd 229 running in system mode. (+PAM +AUDIT +SELINUX +IMA +APPARMOR +SMACK +SYSVINIT +UTMP +LIBCRYPTSETUP +GCRYPT +GNUTLS +ACL +XZ -LZ4 +SECCOMP +BLKID +ELFUTILS +KMOD -IDN)
[   11.185159] systemd[1]: Detected virtualization oracle.
[   11.189182] systemd[1]: Detected architecture x86-64.

Welcome to [1mUbuntu 16.04.7 LTS[0m!

[   11.196215] systemd[1]: Set hostname to <vm-server>.
[   11.409262] systemd[1]: Reached target System Time Synchronized.
[[0;32m  OK  [0m] Reached target System Time Synchronized.
[   11.413728] systemd[1]: Started Trigger resolvconf update for networkd DNS.
[[0;32m  OK  [0m] Started Trigger resolvconf update for networkd DNS.
[   11.417920] systemd[1]: Reached target Encrypted Volumes.
[[0;32m  OK  [0m] Reached target Encrypted Volumes.
[   11.423459] systemd[1]: Created slice System Slice.
[[0;32m  OK  [0m] Created slice System Slice.
[   11.428001] systemd[1]: Created slice system-serial\x2dgetty.slice.
[[0;32m  OK  [0m] Created slice system-serial\x2dgetty.slice.
[   11.432322] systemd[1]: Listening on LVM2 metadata daemon socket.
[[0;32m  OK  [0m] Listening on LVM2 metadata daemon socket.
[   11.436562] systemd[1]: Listening on /dev/initctl Compatibility Named Pipe.
[[0;32m  OK  [0m] Listening on /dev/initctl Compatibility Named Pipe.
[   11.443100] systemd[1]: Created slice User and Session Slice.
[[0;32m  OK  [0m] Created slice User and Session Slice.
[   11.450022] systemd[1]: Listening on Journal Socket (/dev/log).
[[0;32m  OK  [0m] Listening on Journal Socket (/dev/log).
[   11.456690] systemd[1]: Reached target Slices.
[[0;32m  OK  [0m] Reached target Slices.
[   11.460439] systemd[1]: Reached target Swap.
[[0;32m  OK  [0m] Reached target Swap.
[   11.464162] systemd[1]: Listening on fsck to fsckd communication Socket.
[[0;32m  OK  [0m] Listening on fsck to fsckd communication Socket.
[   11.468450] systemd[1]: Started Forward Password Requests to Wall Directory Watch.
[[0;32m  OK  [0m] Started Forward Password Requests to Wall Directory Watch.
[   11.477635] systemd[1]: Listening on LVM2 poll daemon socket.
[[0;32m  OK  [0m] Listening on LVM2 poll daemon socket.
[   11.482094] systemd[1]: Listening on Syslog Socket.
[[0;32m  OK  [0m] Listening on Syslog Socket.
[   11.485542] systemd[1]: Listening on Journal Audit Socket.
[[0;32m  OK  [0m] Listening on Journal Audit Socket.
[   11.495727] systemd[1]: Listening on Journal Socket.
[[0;32m  OK  [0m] Listening on Journal Socket.
[   11.511071] systemd[1]: Mounting POSIX Message Queue File System...
         Mounting POSIX Message Queue File System...
[   11.517527] systemd[1]: Mounting Huge Pages File System...
         Mounting Huge Pages File System...
[   11.526911] systemd[1]: Mounting Debug File System...
         Mounting Debug File System...
[   11.532580] systemd[1]: Starting File System Check on Root Device...
         Starting File System Check on Root Device...
[   11.541905] systemd[1]: Starting Uncomplicated firewall...
         Starting Uncomplicated firewall...
[   11.568060] systemd[1]: Starting Create list of required static device nodes for the current kernel...
         Starting Create list of required st... nodes for the current kernel...
[   11.578788] systemd[1]: Starting Set console keymap...
         Starting Set console keymap...
[   11.584529] systemd[1]: Starting Load Kernel Modules...
         Starting Load Kernel Modules...
[   11.595183] systemd[1]: Starting Nameserver information manager...
         Starting Nameserver information manager...
[   11.613854] systemd[1]: Starting Journal Service...
         Starting Journal Service...
[   11.619263] systemd[1]: Listening on Device-mapper event daemon FIFOs.
[[0;32m  OK  [0m] Listening on Device-mapper event daemon FIFOs.
[   11.627609] systemd[1]: Starting Monitoring of LVM2 mirrors, snapshots etc. using dmeventd or progress polling...
         Starting Monitoring of LVM2 mirrors... dmeventd or progress polling...
[   11.633792] systemd[1]: Set up automount Arbitrary Executable File Formats File System Automount Point.
[[0;32m  OK  [0m] Set up automount Arbitrary Executab...ats File System Automount Point.
[   11.643596] systemd[1]: Listening on udev Kernel Socket.
[[0;32m  OK  [0m] Listening on udev Kernel Socket.
[   11.653419] Loading iSCSI transport class v2.0-870.
[   11.661393] systemd[1]: Reached target User and Group Name Lookups.
[[0;32m  OK  [0m] Reached target User and Group Name Lookups.
[   11.680984] systemd[1]: Listening on udev Control Socket.
[[0;32m  OK  [0m] Listening on udev Control Socket.
[   11.713523] systemd[1]: Mounted Huge Pages File System.
[[0;32m  OK  [0m] Mounted Huge Pages File System.
[   11.720414] systemd[1]: Mounted Debug File System.
[   11.734081] iscsi: registered transport (tcp)
[[0;32m  OK  [0m] Mounted Debug File System.
[   11.743128] systemd[1]: Mounted POSIX Message Queue File System.
[[0;32m  OK  [0m] Mounted POSIX Message Queue File System.
[   11.748407] systemd[1]: Started Uncomplicated firewall.
[[0;32m  OK  [0m] Started Uncomplicated firewall.
[   11.767822] systemd[1]: Started File System Check on Root Device.
[[0;32m  OK  [0m] Started File System Check on Root Device.
[   11.781338] systemd[1]: Started Create list of required static device nodes for the current kernel.
[[0;32m  OK  [0m] Started Create list of required sta...ce nodes for the current kernel.
[   11.892121] systemd[1]: Started Journal Service.
[[0;32m  OK  [0m] Started Journal Service.
[   11.895391] random: nonblocking pool is initialized
[[0;32m  OK  [0m] Started LVM2 metadata daemon.
[[0;32m  OK  [0m] Started File System Check Daemon to report status.
         Starting Create Static Device Nodes in /dev...
         Starting Remount Root and Kernel File Systems...
[   12.008024] EXT4-fs (sda1): re-mounted. Opts: (null)
[[0;32m  OK  [0m] Started Nameserver information manager.
[   12.033019] iscsi: registered transport (iser)
[[0;32m  OK  [0m] Started Remount Root and Kernel File Systems.
[[0;32m  OK  [0m] Started Create Static Device Nodes in /dev.
         Starting udev Kernel Device Manager...
         Starting Flush Journal to Persistent Storage...
         Starting udev Coldplug all Devices...
         Starting Load/Save Random Seed...
[[0;32m  OK  [0m] Started Set console keymap.
[[0;32m  OK  [0m] Started Load Kernel Modules.
[[0;32m  OK  [0m] Started Load/Save Random Seed.
         Starting Apply Kernel Variables...
         Mounting FUSE Control File System...
[   12.225041] systemd-journald[395]: Received request to flush runtime journal from PID 1
[[0;32m  OK  [0m] Mounted FUSE Control File System.
[[0;32m  OK  [0m] Started Monitoring of LVM2 mirrors,...ng dmeventd or progress polling.
[[0;32m  OK  [0m] Started Flush Journal to Persistent Storage.
[[0;32m  OK  [0m] Started Apply Kernel Variables.
[[0;32m  OK  [0m] Started udev Kernel Device Manager.
[[0;32m  OK  [0m] Reached target Local File Systems (Pre).
[[0;32m  OK  [0m] Reached target Local File Systems.
         Starting Create Volatile Files and Directories...
         Starting Tell Plymouth To Write Out Runtime Data...
         Starting Initial cloud-init job (pre-networking)...
         Starting LSB: AppArmor initialization...
         Starting Set console font and keymap...
[[0;32m  OK  [0m] Started udev Coldplug all Devices.
[[0;32m  OK  [0m] Started Create Volatile Files and Directories.
[[0;32m  OK  [0m] Started Tell Plymouth To Write Out Runtime Data.
         Starting Update UTMP about System Boot/Shutdown...
[[0;32m  OK  [0m] Started Dispatch Password Requests to Console Directory Watch.
[[0;32m  OK  [0m] Started Update UTMP about System Boot/Shutdown.
[[0;32m  OK  [0m] Found device /dev/ttyS0.
[[0;32m  OK  [0m] Listening on Load/Save RF Kill Switch Status /dev/rfkill Watch.
[[0;32m  OK  [0m] Started LSB: AppArmor initialization.
[[0;32m  OK  [0m] Found device 82540EM Gigabit Ethern...r (PRO/1000 MT Desktop Adapter).
         Starting Load AppArmor profiles managed internally by snapd...
[   14.989188] cloud-init[496]: Cloud-init v. 21.1-19-gbad84ad4-0ubuntu1~16.04.2 running 'init-local' at Wed, 30 Jun 2021 19:56:21 +0000. Up 14.42 seconds.
[[0;32m  OK  [0m] Started Load AppArmor profiles managed internally by snapd.
[[0;32m  OK  [0m] Started Initial cloud-init job (pre-networking).
[[0;32m  OK  [0m] Reached target Network (Pre).
[[0;32m  OK  [0m] Started ifup for enp0s8.
         Starting Raise network interfaces...
[[0;32m  OK  [0m] Started ifup for enp0s3.
[[0;32m  OK  [0m] Found device 82540EM Gigabit Ethern...r (PRO/1000 MT Desktop Adapter).
[[0;32m  OK  [0m] Started Set console font and keymap.
[[0;32m  OK  [0m] Created slice system-getty.slice.
[[0;32m  OK  [0m] Started Raise network interfaces.
[[0;32m  OK  [0m] Reached target Network.
         Starting Initial cloud-init job (metadata service crawler)...
[   17.552408] cloud-init[1081]: Cloud-init v. 21.1-19-gbad84ad4-0ubuntu1~16.04.2 running 'init' at Wed, 30 Jun 2021 19:56:24 +0000. Up 17.06 seconds.
[   17.560601] cloud-init[1081]: ci-info: ++++++++++++++++++++++++++++++++++++++Net device info+++++++++++++++++++++++++++++++++++++++
[   17.572561] cloud-init[1081]: ci-info: +--------+------+-----------------------------+---------------+--------+-------------------+
[   17.575797] cloud-init[1081]: ci-info: | Device |  Up  |           Address           |      Mask     | Scope  |     Hw-Address    |
[   17.579609] cloud-init[1081]: ci-info: +--------+------+-----------------------------+---------------+--------+-------------------+
[   17.583818] cloud-init[1081]: ci-info: | enp0s3 | True |          10.0.2.15          | 255.255.255.0 | global | 02:0f:93:65:62:e0 |
[   17.587657] cloud-init[1081]: ci-info: | enp0s3 | True |  fe80::f:93ff:fe65:62e0/64  |       .       |  link  | 02:0f:93:65:62:e0 |
[   17.591262] cloud-init[1081]: ci-info: | enp0s8 | True |        192.168.56.100       | 255.255.255.0 | global | 08:00:27:fe:78:98 |
[   17.600565] cloud-init[1081]: ci-info: | enp0s8 | True | fe80::a00:27ff:fefe:7898/64 |       .       |  link  | 08:00:27:fe:78:98 |
[   17.608526] cloud-init[1081]: ci-info: |   lo   | True |          127.0.0.1          |   255.0.0.0   |  host  |         .         |
[   17.612394] cloud-init[1081]: ci-info: |   lo   | True |           ::1/128           |       .       |  host  |         .         |
[   17.624732] cloud-init[1081]: ci-info: +--------+------+-----------------------------+---------------+--------+-------------------+
[   17.629322] cloud-init[1081]: ci-info: ++++++++++++++++++++++++++++Route IPv4 info++++++++++++++++++++++++++++
[   17.632526] cloud-init[1081]: ci-info: +-------+--------------+----------+---------------+-----------+-------+
[   17.636543] cloud-init[1081]: ci-info: | Route | Destination  | Gateway  |    Genmask    | Interface | Flags |
[   17.644552] cloud-init[1081]: ci-info: +-------+--------------+----------+---------------+-----------+-------+
[   17.652757] cloud-init[1081]: ci-info: |   0   |   0.0.0.0    | 10.0.2.2 |    0.0.0.0    |   enp0s3  |   UG  |
[   17.655310] [cloud-init[0;32m  OK  [0m[1081]: ] ci-info: |   1   |   10.0.2.0   | 0.0.0.0  | 255.255.255.0 |   enp0s3  |   U   |Started Initial cloud-init job (metadata service crawler).

[   17.657686] cloud-init[1081]: ci-info: |   2   | 192.168.56.0 | 0.0.0.0  | 255.255.255.0 |   enp0s8  |   U   |
[   17.661573] cloud-init[1081]: ci-info: +-------+--------------+----------+---------------+-----------+-------+
[   17.664133] cloud-init[1081]: ci-info: +++++++++++++++++++Route IPv6 info+++++++++++++++++++
[[0;32m  OK  [0m] Reached target Network is Online.
[   17.666636] cloud-init[1081]: ci-info: +-------+-------------+---------+-----------+-------+
[   17.669488] cloud-init[1081]: ci-info: | Route | Destination | Gateway | Interface | Flags |
[   17.671694] cloud-init[1081]: ci-info: +-------+-------------+---------+-----------+-------+
[   17.673776] cloud-init[1081]: ci-info: |   0   |  fe80::/64  |    ::   |   enp0s8  |   U   |
[   17.676427] cloud-init[1081]: ci-info: |   1   |  fe80::/64  |    ::   |   enp0s3  |   U   |
[   17.678545] cloud-init[1081]: ci-info: |   5   |   ff00::/8  |    ::   |   enp0s8  |   U   |
[   17.680844] cloud-init[1081]: ci-info: |   6   |   ff00::/8  |    ::   |   enp0s3  |   U   |
[   17.682969] cloud-init[1081]: ci-info: +-------+-------------+---------+-----------+-------+         Starting iSCSI initiator daemon (iscsid)...
[[0;32m  OK  [0m] Reached target Cloud-config availability.
[[0;32m  OK  [0m] Reached target System Initialization.

[[0;32m  OK  [0m] Started Message of the Day.
         Starting Socket activation for snappy daemon.
[[0;32m  OK  [0m] Listening on D-Bus System Message Bus Socket.
[[0;32m  OK  [0m] Listening on ACPID Listen Socket.
[[0;32m  OK  [0m] Started Ubuntu Advantage update messaging.
[[0;32m  OK  [0m] Started Daily Cleanup of Temporary Directories.
[[0;32m  OK  [0m] Listening on UUID daemon activation socket.
[[0;32m  OK  [0m] Started ACPI Events Check.
[[0;32m  OK  [0m] Reached target Paths.
         Starting LXD - unix socket.
[[0;32m  OK  [0m] Started Daily apt download activities.
[[0;32m  OK  [0m] Started Daily apt upgrade and clean activities.
[[0;32m  OK  [0m] Reached target Timers.
[[0;32m  OK  [0m] Listening on Socket activation for snappy daemon.
[[0;32m  OK  [0m] Listening on LXD - unix socket.
[[0;32m  OK  [0m] Reached target Sockets.
[[0;32m  OK  [0m] Reached target Basic System.
         Starting LSB: MD monitoring daemon...
         Starting LSB: Record successful boot for GRUB...
         Starting Login Service...
[[0;32m  OK  [0m] Started ACPI event daemon.
         Starting /etc/rc.local Compatibility...
         Starting Virtualbox guest utils...
         Starting OpenBSD Secure Shell server...
         Starting System Logging Service...
[[0;32m  OK  [0m] Started Deferred execution scheduler.
         Starting LXD - container startup/shutdown...
[[0;32m  OK  [0m] Started D-Bus System Message Bus.
         Starting Accounts Service...
[[0;32m  OK  [0m] Started Regular background program processing daemon.
         Starting MySQL Community Server...
[[0;32m  OK  [0m] Started FUSE filesystem for LXC.
         Starting Snap Daemon...
[[0;32m  OK  [0m] Started System Logging Service.
[[0;32m  OK  [0m] Started iSCSI initiator daemon (iscsid).
[[0;32m  OK  [0m] Started /etc/rc.local Compatibility.
[[0;32m  OK  [0m] Started OpenBSD Secure Shell server.
[[0;32m  OK  [0m] Started Login Service.
[[0;32m  OK  [0m] Started Unattended Upgrades Shutdown.
         Starting Login to default iSCSI targets...
[[0;32m  OK  [0m] Started LSB: Record successful boot for GRUB.
[[0;32m  OK  [0m] Started LSB: MD monitoring daemon.
         Starting Authenticate and Authorize Users to Run Privileged Tasks...
[[0;32m  OK  [0m] Started Login to default iSCSI targets.
[[0;32m  OK  [0m] Reached target Remote File Systems (Pre).
         Mounting /vagrant...
[[0;1;31mFAILED[0m] Failed to mount /vagrant.
See 'systemctl status vagrant.mount' for details.
[[0;1;33mDEPEND[0m] Dependency failed for Remote File Systems.
         Starting Permit User Sessions...
         Starting LSB: daemon to balance interrupts for SMP systems...
         Starting LSB: Apache2 web server...
         Starting LSB: automatic crash report generation...
         Starting LSB: Set the CPU Frequency Scaling governor to "ondemand"...
[[0;32m  OK  [0m] Started LXD - container startup/shutdown.
[[0;32m  OK  [0m] Started Permit User Sessions.
         Starting Terminate Plymouth Boot Screen...
         Starting Hold until boot process finishes up...
[[0;32m  OK  [0m] Started Terminate Plymouth Boot Screen.
[[0;32m  OK  [0m] Started Hold until boot process finishes up.
[[0;32m  OK  [0m] Started Getty on tty1.
[[0;32m  OK  [0m] Started Serial Getty on ttyS0.
[[0;32m  OK  [0m] Reached target Login Prompts.
         Starting Set console scheme...
[[0;32m  OK  [0m] Started LSB: Set the CPU Frequency Scaling governor to "ondemand".
[[0;32m  OK  [0m] Started Set console scheme.
[[0;32m  OK  [0m] Started Authenticate and Authorize Users to Run Privileged Tasks.
[[0;32m  OK  [0m] Started LSB: automatic crash report generation.
[[0;32m  OK  [0m] Started Accounts Service.
[[0;32m  OK  [0m] Started LSB: daemon to balance interrupts for SMP systems.
[[0;32m  OK  [0m] Started Virtualbox guest utils.
[[0;32m  OK  [0m] Started Snap Daemon.
         Starting Wait until snapd is fully seeded...
[[0;32m  OK  [0m] Started Wait until snapd is fully seeded.
         Starting Apply the settings specified in cloud-config...
[[0;32m  OK  [0m] Started LSB: Apache2 web server.
[[0;32m  OK  [0m] Started MySQL Community Server.
[[0;32m  OK  [0m] Reached target Multi-User System.
[[0;32m  OK  [0m] Reached target Graphical Interface.
         Starting Update UTMP about System Runlevel Changes...
[[0;32m  OK  [0m] Started Update UTMP about System Runlevel Changes.
[   21.043909] cloud-init[1382]: Cloud-init v. 21.1-19-gbad84ad4-0ubuntu1~16.04.2 running 'modules:config' at Wed, 30 Jun 2021 19:56:27 +0000. Up 20.79 seconds.
[[0;32m  OK  [0m] Started Apply the settings specified in cloud-config.
         Starting Execute cloud user/final scripts...
[   22.064330] cloud-init[1431]: Cloud-init v. 21.1-19-gbad84ad4-0ubuntu1~16.04.2 running 'modules:final' at Wed, 30 Jun 2021 19:56:28 +0000. Up 21.79 seconds.
[   22.067519] cloud-init[1431]: Cloud-init v. 21.1-19-gbad84ad4-0ubuntu1~16.04.2 finished at Wed, 30 Jun 2021 19:56:29 +0000. Datasource DataSourceNoCloud [seed=/dev/sdb][dsmode=net].  Up 22.05 seconds
[[0;32m  OK  [0m] Started Execute cloud user/final scripts.
[[0;32m  OK  [0m] Reached target Cloud-init target.

Ubuntu 16.04.7 LTS vm-server ttyS0

vm-server login: [[0;32m  OK  [0m] Stopped Unattended Upgrades Shutdown.
         Stopping Session 3 of user vagrant.
[[0;32m  OK  [0m] Stopped target Timers.
[[0;32m  OK  [0m] Stopped Daily Cleanup of Temporary Directories.
[[0;32m  OK  [0m] Stopped Ubuntu Advantage update messaging.
         Stopping User Manager for UID 1000...
[[0;32m  OK  [0m] Stopped target Graphical Interface.
         Stopping Accounts Service...
         Stopping Authenticate and Authorize Users to Run Privileged Tasks...
[[0;32m  OK  [0m] Stopped target Cloud-init target.
         Stopping ACPI event daemon...
         Unmounting /vagrant...
[[0;32m  OK  [0m] Closed Load/Save RF Kill Switch Status /dev/rfkill Watch.
[[0;32m  OK  [0m] Stopped Daily apt upgrade and clean activities.
[[0;32m  OK  [0m] Stopped Daily apt download activities.
[[0;32m  OK  [0m] Stopped Message of the Day.
[[0;32m  OK  [0m] Stopped target System Time Synchronized.
[[0;32m  OK  [0m] Stopped Execute cloud user/final scripts.
[[0;32m  OK  [0m] Stopped target Multi-User System.
         Stopping LSB: daemon to balance interrupts for SMP systems...
         Stopping LSB: Record successful boot for GRUB...
         Stopping LSB: MD monitoring daemon...
         Stopping Regular background program processing daemon...
         Stopping Deferred execution scheduler...
         Stopping LSB: Set the CPU Frequency Scaling governor to "ondemand"...
         Stopping LSB: Apache2 web server...
         Stopping LXD - container startup/shutdown...
         Stopping System Logging Service...
         Stopping Virtualbox guest utils...
         Stopping LSB: automatic crash report generation...
         Stopping MySQL Community Server...
[[0;32m  OK  [0m] Stopped target Login Prompts.
         Stopping Getty on tty1...
         Stopping Serial Getty on ttyS0...
         Stopping D-Bus System Message Bus...
         Stopping OpenBSD Secure Shell server...
         Stopping FUSE filesystem for LXC...
[[0;32m  OK  [0m] Stopped Apply the settings specified in cloud-config.
[[0;32m  OK  [0m] Stopped Wait until snapd is fully seeded.
[[0;32m  OK  [0m] Stopped target Cloud-config availability.
[[0;32m  OK  [0m] Unmounted /var/lib/lxcfs.
[[0;32m  OK  [0m] Stopped ACPI event daemon.
[[0;32m  OK  [0m] Stopped System Logging Service.
[[0;32m  OK  [0m] Stopped Deferred execution scheduler.
[[0;32m  OK  [0m] Stopped Accounts Service.
[[0;32m  OK  [0m] Stopped Regular background program processing daemon.
[[0;32m  OK  [0m] Stopped OpenBSD Secure Shell server.
[[0;32m  OK  [0m] Stopped Authenticate and Authorize Users to Run Privileged Tasks.
[[0;32m  OK  [0m] Stopped Getty on tty1.
[[0;32m  OK  [0m] Stopped Serial Getty on ttyS0.
[[0;32m  OK  [0m] Stopped User Manager for UID 1000.
[[0;32m  OK  [0m] Unmounted /vagrant.
[[0;32m  OK  [0m] Stopped Session 3 of user vagrant.
[[0;32m  OK  [0m] Stopped D-Bus System Message Bus.
[[0;32m  OK  [0m] Stopped FUSE filesystem for LXC.
[[0;32m  OK  [0m] Stopped LSB: Set the CPU Frequency Scaling governor to "ondemand".
[[0;32m  OK  [0m] Stopped LXD - container startup/shutdown.
[[0;32m  OK  [0m] Stopped LSB: MD monitoring daemon.
[[0;32m  OK  [0m] Stopped LSB: Record successful boot for GRUB.
[[0;32m  OK  [0m] Stopped target Remote File Systems (Pre).
         Stopping Login to default iSCSI targets...
[[0;32m  OK  [0m] Removed slice User Slice of vagrant.
         Stopping Login Service...
[[0;32m  OK  [0m] Removed slice system-serial\x2dgetty.slice.
[[0;32m  OK  [0m] Removed slice system-getty.slice.
[[0;32m  OK  [0m] Stopped /etc/rc.local Compatibility.
         Stopping Permit User Sessions...
[[0;32m  OK  [0m] Stopped LSB: daemon to balance interrupts for SMP systems.
[[0;32m  OK  [0m] Stopped LSB: automatic crash report generation.
[[0;32m  OK  [0m] Stopped Permit User Sessions.
[[0;32m  OK  [0m] Stopped Virtualbox guest utils.
[[0;32m  OK  [0m] Stopped Login Service.
[[0;32m  OK  [0m] Stopped target User and Group Name Lookups.
[[0;32m  OK  [0m] Stopped Login to default iSCSI targets.
         Stopping iSCSI initiator daemon (iscsid)...
[[0;32m  OK  [0m] Stopped iSCSI initiator daemon (iscsid).
[[0;32m  OK  [0m] Stopped LSB: Apache2 web server.
[[0;32m  OK  [0m] Stopped target Network is Online.
[[0;32m  OK  [0m] Stopped MySQL Community Server.
[[0;32m  OK  [0m] Stopped target Network.
[[0;32m  OK  [0m] Stopped target Basic System.
[[0;32m  OK  [0m] Stopped target Sockets.
[[0;32m  OK  [0m] Closed D-Bus System Message Bus Socket.
[[0;32m  OK  [0m] Closed LXD - unix socket.
[[0;32m  OK  [0m] Closed UUID daemon activation socket.
[[0;32m  OK  [0m] Closed ACPID Listen Socket.
[[0;32m  OK  [0m] Closed Socket activation for snappy daemon.
[[0;32m  OK  [0m] Closed Syslog Socket.
[[0;32m  OK  [0m] Stopped target Paths.
[[0;32m  OK  [0m] Stopped ACPI Events Check.
[[0;32m  OK  [0m] Stopped Dispatch Password Requests to Console Directory Watch.
[[0;32m  OK  [0m] Stopped Forward Password Requests to Wall Directory Watch.
[[0;32m  OK  [0m] Stopped target Slices.
[[0;32m  OK  [0m] Removed slice User and Session Slice.
[[0;32m  OK  [0m] Stopped target System Initialization.
[[0;32m  OK  [0m] Stopped target Encrypted Volumes.
[[0;32m  OK  [0m] Stopped Initial cloud-init job (metadata service crawler).
         Stopping Raise network interfaces...
[[0;32m  OK  [0m] Stopped target Swap.
         Stopping Load/Save Random Seed...
[[0;32m  OK  [0m] Stopped Create Volatile Files and Directories.
[[0;32m  OK  [0m] Stopped Load/Save Random Seed.
[[0;32m  OK  [0m] Stopped Raise network interfaces.
[[0;32m  OK  [0m] Stopped Apply Kernel Variables.
[[0;32m  OK  [0m] Stopped target Network (Pre).
[[0;32m  OK  [0m] Stopped Initial cloud-init job (pre-networking).
[[0;32m  OK  [0m] Stopped Load Kernel Modules.
[[0;32m  OK  [0m] Stopped target Local File Systems.
         Unmounting /run/user/1000...
[[0;32m  OK  [0m] Unmounted /run/user/1000.
[[0;32m  OK  [0m] Reached target Unmount All Filesystems.
[[0;32m  OK  [0m] Stopped target Local File Systems (Pre).
[[0;32m  OK  [0m] Stopped Remount Root and Kernel File Systems.
         Stopping Monitoring of LVM2 mirrors... dmeventd or progress polling...
[[0;32m  OK  [0m] Stopped Create Static Device Nodes in /dev.
[[0;32m  OK  [0m] Reached target Shutdown.
[  418.987401] reboot: Power down
